linux安装mysql数据库指南
yum install lrzsz
mysql:192.168.92.128 account: root password: wur)oWpi#3Pc
SET PASSWORD = PASSWORD('wur)oWpi#3Pc');
other:192.168.92.129
操作系统：CentOS-7-x86_64-Minimal-1611 (cat /etc/redhat-release 可查询系统详细版本)
数据版本：MySQL-server-5.6.16-1.el6.x86_64

检测安装环境：

https://www.cnblogs.com/wqzn/p/11582785.html

1. 卸载MariaDB
如果直接点击rpm包安装会得到错误提示。因为CentOS的默认数据库已经不再是MySQL了，而是MariaDB，为什么呢？
MariaDB数据库管理系统是MySQL的一个分支，主要由开源社区在维护，采用GPL授权许可。开发这个分支的原因之一是：甲骨文公司收购了MySQL后，有将MySQL闭源的潜在风险，因此社区采用分支的方式来避开这个风险。MariaDB的目的是完全兼容MySQL，包括API和命令行，使之能轻松成为MySQL的代替品。
查看当前安装的mariadb包：
[root@bogon 桌面]# rpm -qa | grep mariadb
将它们统统强制性卸载掉：
[root@bogon 桌面]# rpm -e --nodeps mariadb-libs-5.5.52-1.el7.x86_64

[root@bogon 桌面]# rpm -e --nodeps mariadb-5.5.35-3.el7.x86_64
[root@bogon 桌面]# rpm -e --nodeps mariadb-server-5.5.35-3.el7.x86_64

2. 安装编译代码所需要的包
[root@localhost src]# yum -y install make gcc-c++ cmake bison-devel ncurses-devel libaio
[root@localhost src]# yum install libaio libaio-devel -y
[root@localhost src]# yum install perl-Data-Dumper -y
[root@localhost src]# yum install net-tools -y

主要解决：ERROR!The server quit without updating PID file(查看错误日志 /var/lib/mysql/*.err)

3. 如果是centos系统，默认会开启selinux。解决方法是关闭它，打开/etc/selinux/config，把SELINUX=enforcing改为SELINUX=disabled后存盘退出重启机器。

4. table ‘mysql.host’不存在的原因是因为新安装的mysql服务后，一般需要执行数据库初始化操作 ，从而生成与权限相关的表，执行命令如下：
 /usr/bin/mysql_install_db --user=mysql
 
注：以上命令中的mysql_install_db与你安装的mysql服务位置有关，如果不知道在哪，可以使用find / -name mysql_install_db找到其位置，然后执行上面的命令。
[root@hadoop11 mysql]# find / -name mysql_install_db
/usr/bin/mysql_install_db

5.初始化密码
MySQL安装完成后，用户名为root，密码默认为空，可以修改mysql库下的user表的Password字段进行初始化设置
UPDATE user SET Password=PASSWORD('root') where USER='root';

6.授权
1>.改表法。你的帐号不允许从远程登陆MySql服务器，只能在localhost。
   解决办法：
   在localhost的那台电脑，登入mysql后，更改 "mysql" 数据库里的 "user" 表里的 "host" 项，从"localhost"改称"%" 
   (1). mysql -u root -pvmwaremysql>use mysql; 
   (2). mysql>update user set host = '%' where user = 'root'; 
   (3). mysql>select host, user from user;

2>. 授权法。例如，你想myuser使用mypassword从任何主机连接到mysql服务器的话。
(1). GRANT ALL PRIVILEGES ON *.* TO 'myuser'@'%' IDENTIFIED BY 'mypassword' WITH GRANT OPTION; 
(2). FLUSH   PRIVILEGES;
如果你想允许用户myuser从ip为192.168.1.6的主机连接到mysql服务器，并使用mypassword作为密码
   (1). GRANT ALL PRIVILEGES ON *.* TO 'myuser'@'192.168.1.3' IDENTIFIED BY 'mypassword' WITH GRANT OPTION;   
   (2). FLUSH   PRIVILEGES;
如果你想允许用户myuser从ip为192.168.1.6的主机连接到mysql服务器的dk数据库，并使用mypassword作为密码 
   (1). GRANT ALL PRIVILEGES ON dk.* TO 'myuser'@'192.168.1.3' IDENTIFIED BY 'mypassword' WITH GRANT OPTION;   
   (3). FLUSH   PRIVILEGES;
   注意:授权后必须FLUSH PRIVILEGES;否则无法立即生效。
   
7.关闭防火墙
CentOS 7.0版本的防火墙，默认使用的是firewall，与之前的版本使用iptables是不一样，经过我的测试，只要firewall处于开启状态，就不可能远端访问MYSQL数据库。
首先将firewall关闭：
[root@bogon 桌面]# systemctl stop firewalld.service #停止firewall
[root@bogon 桌面]# systemctl disable firewalld.service #禁止firewall开机启动

8.可以编辑 my.cnf 配置mysql全局变量(例如：端口等参数)。

linux安装redis:
https://www.cnblogs.com/rslai/p/8249812.html

linux下安装配置rocketmq
https://www.cnblogs.com/fuyuanming/p/11558425.html

linux jdk1.8 yum 安装
https://blog.csdn.net/qq_33820379/article/details/80512317
nohup sh mqnamesrv &
tail -f ~/logs/rocketmqlogs/namesrv.log

nohup sh mqbroker -n localhost:9876 &
tail -f ~/logs/rocketmqlogs/broker.log

nginx介绍
https://www.cnblogs.com/wcwnina/p/8728391.html

linux安装nginx
https://www.cnblogs.com/xxoome/p/5866475.html

yum list installed | grep "gcc"
yum list installed | grep "pcre-devel"
yum list installed | grep "zlib-devel"
yum list installed | grep "openssl-devel"

/usr/nginx/sbin/nginx

springboot集成nginx
https://blog.csdn.net/qq_33591903/article/details/90715370



java.lang.Exception: Method contextLoads() should be public

单元测试@RunWith(SpringRunner.class)

@MapperScan("mapper接口bean的全路径名")
<dependency>
    <groupId>org.mybatis.spring.boot</groupId>
    <artifactId>mybatis-spring-boot-starter</artifactId>
    <version>1.3.2</version>
</dependency>




















